172.20.17.232 - - [07/Jun/2017:17:03:33 +0000] "GET /bootstrap/css/fonts.googleapis.com.css HTTP/1.1" 200 494 "http://onboard.sinarmasmining.com/" "Mozilla/5.0 (Macintosh; Intel Mac OS X 10.12; rv:53.0) Gecko/20100101 Firefox/53.0"
172.20.17.232 - - [07/Jun/2017:17:03:33 +0000] "GET /bootstrap/font-awesome/4.5.0/css/font-awesome.min.css HTTP/1.1" 200 27466 "http://onboard.sinarmasmining.com/" "Mozilla/5.0 (Macintosh; Intel Mac OS X 10.12; rv:53.0) Gecko/20100101 Firefox/53.0"
172.20.17.232 - - [07/Jun/2017:17:03:33 +0000] "GET /bootstrap/css/bootstrap.min.css HTTP/1.1" 200 115813 "http://onboard.sinarmasmining.com/" "Mozilla/5.0 (Macintosh; Intel Mac OS X 10.12; rv:53.0) Gecko/20100101 Firefox/53.0"
172.20.17.232 - - [07/Jun/2017:17:03:33 +0000] "GET /bootstrap/css/ace-skins.min.css HTTP/1.1" 200 77952 "http://onboard.sinarmasmining.com/" "Mozilla/5.0 (Macintosh; Intel Mac OS X 10.12; rv:53.0) Gecko/20100101 Firefox/53.0"
172.20.17.232 - - [07/Jun/2017:17:03:33 +0000] "GET /bootstrap/css/ace-rtl.min.css HTTP/1.1" 200 116806 "http://onboard.sinarmasmining.com/" "Mozilla/5.0 (Macintosh; Intel Mac OS X 10.12; rv:53.0) Gecko/20100101 Firefox/53.0"
172.20.17.232 - - [07/Jun/2017:17:03:33 +0000] "GET /bootstrap/js/bootstrap.min.js HTTP/1.1" 200 36868 "http://onboard.sinarmasmining.com/" "Mozilla/5.0 (Macintosh; Intel Mac OS X 10.12; rv:53.0) Gecko/20100101 Firefox/53.0"
172.20.17.232 - - [07/Jun/2017:17:03:33 +0000] "GET /bootstrap/js/jquery.min.js HTTP/1.1" 200 84380 "http://onboard.sinarmasmining.com/" "Mozilla/5.0 (Macintosh; Intel Mac OS X 10.12; rv:53.0) Gecko/20100101 Firefox/53.0"
172.20.17.232 - - [07/Jun/2017:17:03:33 +0000] "GET /bootstrap/css/ace.min.css HTTP/1.1" 200 396938 "http://onboard.sinarmasmining.com/" "Mozilla/5.0 (Macintosh; Intel Mac OS X 10.12; rv:53.0) Gecko/20100101 Firefox/53.0"
172.20.17.232 - - [07/Jun/2017:17:03:33 +0000] "GET /bootstrap/js/ace-extra.min.js HTTP/1.1" 200 6241 "http://onboard.sinarmasmining.com/" "Mozilla/5.0 (Macintosh; Intel Mac OS X 10.12; rv:53.0) Gecko/20100101 Firefox/53.0"
172.20.17.232 - - [07/Jun/2017:17:03:33 +0000] "GET /bootstrap/js/ace-elements.min.js HTTP/1.1" 200 41077 "http://onboard.sinarmasmining.com/" "Mozilla/5.0 (Macintosh; Intel Mac OS X 10.12; rv:53.0) Gecko/20100101 Firefox/53.0"
172.20.17.232 - - [07/Jun/2017:17:03:33 +0000] "GET /bootstrap/js/ace.min.js HTTP/1.1" 200 55785 "http://onboard.sinarmasmining.com/" "Mozilla/5.0 (Macintosh; Intel Mac OS X 10.12; rv:53.0) Gecko/20100101 Firefox/53.0"
172.20.17.232 - - [07/Jun/2017:17:03:33 +0000] "GET /bootstrap/font-awesome/4.5.0/fonts/fontawesome-webfont.woff2?v=4.5.0 HTTP/1.1" 200 66624 "http://onboard.sinarmasmining.com/bootstrap/font-awesome/4.5.0/css/font-awesome.min.css" "Mozilla/5.0 (Macintosh; Intel Mac OS X 10.12; rv:53.0) Gecko/20100101 Firefox/53.0"
172.20.17.232 - - [07/Jun/2017:17:03:33 +0000] "GET /favicon.ico HTTP/1.1" 200 - "-" "Mozilla/5.0 (Macintosh; Intel Mac OS X 10.12; rv:53.0) Gecko/20100101 Firefox/53.0"
172.20.1.110 - - [08/Jun/2017:12:06:56 +0000] "GET / HTTP/1.1" 200 5686 "-" "Mozilla/5.0 (Windows NT 6.1; WOW64; rv:48.0) Gecko/20100101 Firefox/48.0"
172.20.1.110 - - [08/Jun/2017:12:07:03 +0000] "POST /login HTTP/1.1" 302 424 "http://onboard.sinarmasmining.com/" "Mozilla/5.0 (Windows NT 6.1; WOW64; rv:48.0) Gecko/20100101 Firefox/48.0"
172.20.1.110 - - [08/Jun/2017:12:07:03 +0000] "GET /ListOnBoard HTTP/1.1" 200 8706 "http://onboard.sinarmasmining.com/" "Mozilla/5.0 (Windows NT 6.1; WOW64; rv:48.0) Gecko/20100101 Firefox/48.0"
172.20.1.110 - - [08/Jun/2017:12:07:10 +0000] "GET /Onboard HTTP/1.1" 200 12969 "http://onboard.sinarmasmining.com/ListOnBoard" "Mozilla/5.0 (Windows NT 6.1; WOW64; rv:48.0) Gecko/20100101 Firefox/48.0"
172.20.1.110 - - [08/Jun/2017:12:07:16 +0000] "GET /ListOnBoard/divisions?option=1 HTTP/1.1" 200 62 "http://onboard.sinarmasmining.com/Onboard" "Mozilla/5.0 (Windows NT 6.1; WOW64; rv:48.0) Gecko/20100101 Firefox/48.0"
172.20.1.110 - - [08/Jun/2017:12:07:18 +0000] "GET /ListOnBoard/divisions?option=9 HTTP/1.1" 200 24 "http://onboard.sinarmasmining.com/Onboard" "Mozilla/5.0 (Windows NT 6.1; WOW64; rv:48.0) Gecko/20100101 Firefox/48.0"
172.20.1.110 - - [08/Jun/2017:12:07:30 +0000] "GET /ListOnBoard HTTP/1.1" 200 8706 "http://onboard.sinarmasmining.com/Onboard" "Mozilla/5.0 (Windows NT 6.1; WOW64; rv:48.0) Gecko/20100101 Firefox/48.0"
172.20.1.110 - - [08/Jun/2017:12:08:59 +0000] "GET /logout HTTP/1.1" 302 376 "http://onboard.sinarmasmining.com/ListOnBoard" "Mozilla/5.0 (Windows NT 6.1; WOW64; rv:48.0) Gecko/20100101 Firefox/48.0"
172.20.1.110 - - [08/Jun/2017:12:08:59 +0000] "GET / HTTP/1.1" 200 5686 "http://onboard.sinarmasmining.com/ListOnBoard" "Mozilla/5.0 (Windows NT 6.1; WOW64; rv:48.0) Gecko/20100101 Firefox/48.0"
172.20.1.110 - - [08/Jun/2017:12:09:06 +0000] "GET /register HTTP/1.1" 200 5881 "-" "Mozilla/5.0 (Windows NT 6.1; WOW64; rv:48.0) Gecko/20100101 Firefox/48.0"
172.20.1.110 - - [08/Jun/2017:12:09:32 +0000] "POST /register HTTP/1.1" 302 424 "http://onboard.sinarmasmining.com/register" "Mozilla/5.0 (Windows NT 6.1; WOW64; rv:48.0) Gecko/20100101 Firefox/48.0"
172.20.1.110 - - [08/Jun/2017:12:09:32 +0000] "GET /ListOnBoard HTTP/1.1" 200 7964 "http://onboard.sinarmasmining.com/register" "Mozilla/5.0 (Windows NT 6.1; WOW64; rv:48.0) Gecko/20100101 Firefox/48.0"
172.20.1.110 - - [08/Jun/2017:12:09:36 +0000] "GET /logout HTTP/1.1" 302 376 "http://onboard.sinarmasmining.com/ListOnBoard" "Mozilla/5.0 (Windows NT 6.1; WOW64; rv:48.0) Gecko/20100101 Firefox/48.0"
172.20.1.110 - - [08/Jun/2017:12:09:37 +0000] "GET / HTTP/1.1" 200 5686 "http://onboard.sinarmasmining.com/ListOnBoard" "Mozilla/5.0 (Windows NT 6.1; WOW64; rv:48.0) Gecko/20100101 Firefox/48.0"
172.20.1.110 - - [08/Jun/2017:12:09:51 +0000] "GET /register HTTP/1.1" 200 5881 "-" "Mozilla/5.0 (Windows NT 6.1; WOW64; rv:48.0) Gecko/20100101 Firefox/48.0"
172.20.1.110 - - [08/Jun/2017:12:09:59 +0000] "GET /register HTTP/1.1" 200 5881 "-" "Mozilla/5.0 (Windows NT 6.1; Win64; x64) AppleWebKit/537.36 (KHTML, like Gecko) Chrome/58.0.3029.110 Safari/537.36"
172.20.1.110 - - [08/Jun/2017:12:10:00 +0000] "GET /favicon.ico HTTP/1.1" 304 - "http://onboard.sinarmasmining.com/register" "Mozilla/5.0 (Windows NT 6.1; Win64; x64) AppleWebKit/537.36 (KHTML, like Gecko) Chrome/58.0.3029.110 Safari/537.36"
172.20.1.110 - - [08/Jun/2017:12:10:17 +0000] "POST /register HTTP/1.1" 302 424 "http://onboard.sinarmasmining.com/register" "Mozilla/5.0 (Windows NT 6.1; WOW64; rv:48.0) Gecko/20100101 Firefox/48.0"
172.20.1.110 - - [08/Jun/2017:12:10:18 +0000] "GET /ListOnBoard HTTP/1.1" 200 7953 "http://onboard.sinarmasmining.com/register" "Mozilla/5.0 (Windows NT 6.1; WOW64; rv:48.0) Gecko/20100101 Firefox/48.0"
172.20.1.110 - - [08/Jun/2017:12:10:41 +0000] "POST /register HTTP/1.1" 302 424 "http://onboard.sinarmasmining.com/register" "Mozilla/5.0 (Windows NT 6.1; Win64; x64) AppleWebKit/537.36 (KHTML, like Gecko) Chrome/58.0.3029.110 Safari/537.36"
172.20.1.110 - - [08/Jun/2017:12:10:42 +0000] "GET /ListOnBoard HTTP/1.1" 200 7953 "http://onboard.sinarmasmining.com/register" "Mozilla/5.0 (Windows NT 6.1; Win64; x64) AppleWebKit/537.36 (KHTML, like Gecko) Chrome/58.0.3029.110 Safari/537.36"
172.20.1.110 - - [08/Jun/2017:12:10:42 +0000] "GET /bootstrap/css/jquery-ui.min.css HTTP/1.1" 304 - "http://onboard.sinarmasmining.com/ListOnBoard" "Mozilla/5.0 (Windows NT 6.1; Win64; x64) AppleWebKit/537.36 (KHTML, like Gecko) Chrome/58.0.3029.110 Safari/537.36"
172.20.1.110 - - [08/Jun/2017:12:10:44 +0000] "GET /logout HTTP/1.1" 302 376 "http://onboard.sinarmasmining.com/ListOnBoard" "Mozilla/5.0 (Windows NT 6.1; WOW64; rv:48.0) Gecko/20100101 Firefox/48.0"
172.20.1.110 - - [08/Jun/2017:12:10:44 +0000] "GET / HTTP/1.1" 200 5686 "http://onboard.sinarmasmining.com/ListOnBoard" "Mozilla/5.0 (Windows NT 6.1; WOW64; rv:48.0) Gecko/20100101 Firefox/48.0"
172.20.1.110 - - [08/Jun/2017:12:10:50 +0000] "GET /register HTTP/1.1" 200 5881 "-" "Mozilla/5.0 (Windows NT 6.1; WOW64; rv:48.0) Gecko/20100101 Firefox/48.0"
172.20.1.110 - - [08/Jun/2017:12:11:17 +0000] "POST /register HTTP/1.1" 302 424 "http://onboard.sinarmasmining.com/register" "Mozilla/5.0 (Windows NT 6.1; WOW64; rv:48.0) Gecko/20100101 Firefox/48.0"
172.20.1.110 - - [08/Jun/2017:12:11:17 +0000] "GET /ListOnBoard HTTP/1.1" 200 7960 "http://onboard.sinarmasmining.com/register" "Mozilla/5.0 (Windows NT 6.1; WOW64; rv:48.0) Gecko/20100101 Firefox/48.0"
172.20.1.110 - - [08/Jun/2017:12:11:21 +0000] "GET /logout HTTP/1.1" 302 376 "http://onboard.sinarmasmining.com/ListOnBoard" "Mozilla/5.0 (Windows NT 6.1; WOW64; rv:48.0) Gecko/20100101 Firefox/48.0"
172.20.1.110 - - [08/Jun/2017:12:11:22 +0000] "GET / HTTP/1.1" 200 5686 "http://onboard.sinarmasmining.com/ListOnBoard" "Mozilla/5.0 (Windows NT 6.1; WOW64; rv:48.0) Gecko/20100101 Firefox/48.0"
172.20.1.110 - - [08/Jun/2017:12:11:26 +0000] "GET /logout HTTP/1.1" 302 376 "http://onboard.sinarmasmining.com/ListOnBoard" "Mozilla/5.0 (Windows NT 6.1; Win64; x64) AppleWebKit/537.36 (KHTML, like Gecko) Chrome/58.0.3029.110 Safari/537.36"
172.20.1.110 - - [08/Jun/2017:12:11:26 +0000] "GET / HTTP/1.1" 200 5686 "http://onboard.sinarmasmining.com/ListOnBoard" "Mozilla/5.0 (Windows NT 6.1; Win64; x64) AppleWebKit/537.36 (KHTML, like Gecko) Chrome/58.0.3029.110 Safari/537.36"
172.20.6.40 - - [09/Jun/2017:08:46:04 +0000] "GET / HTTP/1.1" 200 5686 "-" "Mozilla/5.0 (Windows NT 10.0; Win64; x64) AppleWebKit/537.36 (KHTML, like Gecko) Chrome/58.0.3029.110 Safari/537.36"
172.20.6.40 - - [09/Jun/2017:08:47:33 +0000] "POST /login HTTP/1.1" 302 424 "http://onboard.sinarmasmining.com/" "Mozilla/5.0 (Windows NT 10.0; Win64; x64) AppleWebKit/537.36 (KHTML, like Gecko) Chrome/58.0.3029.110 Safari/537.36"
172.20.6.40 - - [09/Jun/2017:08:47:34 +0000] "GET /ListOnBoard HTTP/1.1" 200 7952 "http://onboard.sinarmasmining.com/" "Mozilla/5.0 (Windows NT 10.0; Win64; x64) AppleWebKit/537.36 (KHTML, like Gecko) Chrome/58.0.3029.110 Safari/537.36"
172.20.6.40 - - [09/Jun/2017:08:47:34 +0000] "GET /bootstrap/css/jquery-ui.min.css HTTP/1.1" 304 - "http://onboard.sinarmasmining.com/ListOnBoard" "Mozilla/5.0 (Windows NT 10.0; Win64; x64) AppleWebKit/537.36 (KHTML, like Gecko) Chrome/58.0.3029.110 Safari/537.36"
172.20.6.40 - - [09/Jun/2017:08:47:42 +0000] "GET /Onboard HTTP/1.1" 302 376 "http://onboard.sinarmasmining.com/ListOnBoard" "Mozilla/5.0 (Windows NT 10.0; Win64; x64) AppleWebKit/537.36 (KHTML, like Gecko) Chrome/58.0.3029.110 Safari/537.36"
172.20.6.40 - - [09/Jun/2017:08:47:42 +0000] "GET / HTTP/1.1" 200 9181 "http://onboard.sinarmasmining.com/ListOnBoard" "Mozilla/5.0 (Windows NT 10.0; Win64; x64) AppleWebKit/537.36 (KHTML, like Gecko) Chrome/58.0.3029.110 Safari/537.36"
172.20.6.40 - - [09/Jun/2017:08:47:45 +0000] "POST /login HTTP/1.1" 302 376 "http://onboard.sinarmasmining.com/" "Mozilla/5.0 (Windows NT 10.0; Win64; x64) AppleWebKit/537.36 (KHTML, like Gecko) Chrome/58.0.3029.110 Safari/537.36"
172.20.6.40 - - [09/Jun/2017:08:47:45 +0000] "GET / HTTP/1.1" 200 9181 "http://onboard.sinarmasmining.com/" "Mozilla/5.0 (Windows NT 10.0; Win64; x64) AppleWebKit/537.36 (KHTML, like Gecko) Chrome/58.0.3029.110 Safari/537.36"
172.20.6.40 - - [09/Jun/2017:08:47:47 +0000] "POST /login HTTP/1.1" 302 376 "http://onboard.sinarmasmining.com/" "Mozilla/5.0 (Windows NT 10.0; Win64; x64) AppleWebKit/537.36 (KHTML, like Gecko) Chrome/58.0.3029.110 Safari/537.36"
172.20.6.40 - - [09/Jun/2017:08:47:47 +0000] "GET / HTTP/1.1" 200 9181 "http://onboard.sinarmasmining.com/" "Mozilla/5.0 (Windows NT 10.0; Win64; x64) AppleWebKit/537.36 (KHTML, like Gecko) Chrome/58.0.3029.110 Safari/537.36"
172.20.6.40 - - [09/Jun/2017:08:48:16 +0000] "GET /logout HTTP/1.1" 302 376 "http://onboard.sinarmasmining.com/" "Mozilla/5.0 (Windows NT 10.0; Win64; x64) AppleWebKit/537.36 (KHTML, like Gecko) Chrome/58.0.3029.110 Safari/537.36"
172.20.6.40 - - [09/Jun/2017:08:48:16 +0000] "GET / HTTP/1.1" 200 5686 "http://onboard.sinarmasmining.com/" "Mozilla/5.0 (Windows NT 10.0; Win64; x64) AppleWebKit/537.36 (KHTML, like Gecko) Chrome/58.0.3029.110 Safari/537.36"
172.20.6.40 - - [09/Jun/2017:08:48:19 +0000] "POST /login HTTP/1.1" 302 424 "http://onboard.sinarmasmining.com/" "Mozilla/5.0 (Windows NT 10.0; Win64; x64) AppleWebKit/537.36 (KHTML, like Gecko) Chrome/58.0.3029.110 Safari/537.36"
172.20.6.40 - - [09/Jun/2017:08:48:19 +0000] "GET /ListOnBoard HTTP/1.1" 200 7952 "http://onboard.sinarmasmining.com/" "Mozilla/5.0 (Windows NT 10.0; Win64; x64) AppleWebKit/537.36 (KHTML, like Gecko) Chrome/58.0.3029.110 Safari/537.36"
172.20.6.40 - - [09/Jun/2017:08:49:31 +0000] "GET /logout HTTP/1.1" 302 376 "http://onboard.sinarmasmining.com/ListOnBoard" "Mozilla/5.0 (Windows NT 10.0; Win64; x64) AppleWebKit/537.36 (KHTML, like Gecko) Chrome/58.0.3029.110 Safari/537.36"
172.20.6.40 - - [09/Jun/2017:08:49:32 +0000] "GET / HTTP/1.1" 200 5686 "http://onboard.sinarmasmining.com/ListOnBoard" "Mozilla/5.0 (Windows NT 10.0; Win64; x64) AppleWebKit/537.36 (KHTML, like Gecko) Chrome/58.0.3029.110 Safari/537.36"
172.20.6.40 - - [09/Jun/2017:08:49:34 +0000] "POST /login HTTP/1.1" 302 424 "http://onboard.sinarmasmining.com/" "Mozilla/5.0 (Windows NT 10.0; Win64; x64) AppleWebKit/537.36 (KHTML, like Gecko) Chrome/58.0.3029.110 Safari/537.36"
172.20.6.40 - - [09/Jun/2017:08:49:34 +0000] "GET /ListOnBoard HTTP/1.1" 200 7952 "http://onboard.sinarmasmining.com/" "Mozilla/5.0 (Windows NT 10.0; Win64; x64) AppleWebKit/537.36 (KHTML, like Gecko) Chrome/58.0.3029.110 Safari/537.36"
172.20.6.40 - - [09/Jun/2017:08:54:09 +0000] "GET /logout HTTP/1.1" 302 376 "http://onboard.sinarmasmining.com/ListOnBoard" "Mozilla/5.0 (Windows NT 10.0; Win64; x64) AppleWebKit/537.36 (KHTML, like Gecko) Chrome/58.0.3029.110 Safari/537.36"
172.20.6.40 - - [09/Jun/2017:08:54:09 +0000] "GET / HTTP/1.1" 200 5686 "http://onboard.sinarmasmining.com/ListOnBoard" "Mozilla/5.0 (Windows NT 10.0; Win64; x64) AppleWebKit/537.36 (KHTML, like Gecko) Chrome/58.0.3029.110 Safari/537.36"
172.20.6.40 - - [09/Jun/2017:08:54:11 +0000] "POST /login HTTP/1.1" 302 380 "http://onboard.sinarmasmining.com/" "Mozilla/5.0 (Windows NT 10.0; Win64; x64) AppleWebKit/537.36 (KHTML, like Gecko) Chrome/58.0.3029.110 Safari/537.36"
172.20.6.40 - - [09/Jun/2017:08:54:11 +0000] "GET / HTTP/1.1" 200 5965 "http://onboard.sinarmasmining.com/" "Mozilla/5.0 (Windows NT 10.0; Win64; x64) AppleWebKit/537.36 (KHTML, like Gecko) Chrome/58.0.3029.110 Safari/537.36"
172.20.6.40 - - [09/Jun/2017:08:55:48 +0000] "POST /login HTTP/1.1" 302 424 "http://onboard.sinarmasmining.com/" "Mozilla/5.0 (Windows NT 10.0; Win64; x64) AppleWebKit/537.36 (KHTML, like Gecko) Chrome/58.0.3029.110 Safari/537.36"
172.20.6.40 - - [09/Jun/2017:08:55:48 +0000] "GET /ListOnBoard HTTP/1.1" 200 7953 "http://onboard.sinarmasmining.com/" "Mozilla/5.0 (Windows NT 10.0; Win64; x64) AppleWebKit/537.36 (KHTML, like Gecko) Chrome/58.0.3029.110 Safari/537.36"
172.20.6.40 - - [09/Jun/2017:08:56:06 +0000] "GET /ITAdm/1 HTTP/1.1" 500 61566 "-" "Mozilla/5.0 (Windows NT 10.0; Win64; x64) AppleWebKit/537.36 (KHTML, like Gecko) Chrome/58.0.3029.110 Safari/537.36"
172.20.6.40 - - [09/Jun/2017:08:56:15 +0000] "GET /logout HTTP/1.1" 302 376 "http://onboard.sinarmasmining.com/ListOnBoard" "Mozilla/5.0 (Windows NT 10.0; Win64; x64) AppleWebKit/537.36 (KHTML, like Gecko) Chrome/58.0.3029.110 Safari/537.36"
172.20.6.40 - - [09/Jun/2017:08:56:15 +0000] "GET / HTTP/1.1" 200 5686 "http://onboard.sinarmasmining.com/ListOnBoard" "Mozilla/5.0 (Windows NT 10.0; Win64; x64) AppleWebKit/537.36 (KHTML, like Gecko) Chrome/58.0.3029.110 Safari/537.36"
172.20.1.110 - - [09/Jun/2017:08:56:28 +0000] "GET / HTTP/1.1" 200 5686 "-" "Mozilla/5.0 (Windows NT 6.1; Win64; x64) AppleWebKit/537.36 (KHTML, like Gecko) Chrome/58.0.3029.110 Safari/537.36"
172.20.1.110 - - [09/Jun/2017:08:56:37 +0000] "POST /login HTTP/1.1" 302 424 "http://onboard.sinarmasmining.com/" "Mozilla/5.0 (Windows NT 6.1; Win64; x64) AppleWebKit/537.36 (KHTML, like Gecko) Chrome/58.0.3029.110 Safari/537.36"
172.20.1.110 - - [09/Jun/2017:08:56:37 +0000] "GET /ListOnBoard HTTP/1.1" 200 7961 "http://onboard.sinarmasmining.com/" "Mozilla/5.0 (Windows NT 6.1; Win64; x64) AppleWebKit/537.36 (KHTML, like Gecko) Chrome/58.0.3029.110 Safari/537.36"
172.20.1.110 - - [09/Jun/2017:08:56:41 +0000] "GET /Onboard HTTP/1.1" 302 376 "http://onboard.sinarmasmining.com/ListOnBoard" "Mozilla/5.0 (Windows NT 6.1; Win64; x64) AppleWebKit/537.36 (KHTML, like Gecko) Chrome/58.0.3029.110 Safari/537.36"
172.20.1.110 - - [09/Jun/2017:08:56:41 +0000] "GET / HTTP/1.1" 200 9190 "http://onboard.sinarmasmining.com/ListOnBoard" "Mozilla/5.0 (Windows NT 6.1; Win64; x64) AppleWebKit/537.36 (KHTML, like Gecko) Chrome/58.0.3029.110 Safari/537.36"
172.20.1.110 - - [09/Jun/2017:08:56:44 +0000] "GET /ListOnBoard HTTP/1.1" 200 7961 "http://onboard.sinarmasmining.com/" "Mozilla/5.0 (Windows NT 6.1; Win64; x64) AppleWebKit/537.36 (KHTML, like Gecko) Chrome/58.0.3029.110 Safari/537.36"
172.20.1.110 - - [09/Jun/2017:08:56:51 +0000] "GET /logout HTTP/1.1" 302 376 "http://onboard.sinarmasmining.com/ListOnBoard" "Mozilla/5.0 (Windows NT 6.1; Win64; x64) AppleWebKit/537.36 (KHTML, like Gecko) Chrome/58.0.3029.110 Safari/537.36"
172.20.1.110 - - [09/Jun/2017:08:56:52 +0000] "GET / HTTP/1.1" 200 5686 "http://onboard.sinarmasmining.com/ListOnBoard" "Mozilla/5.0 (Windows NT 6.1; Win64; x64) AppleWebKit/537.36 (KHTML, like Gecko) Chrome/58.0.3029.110 Safari/537.36"
172.20.1.110 - - [09/Jun/2017:08:56:57 +0000] "POST /login HTTP/1.1" 302 424 "http://onboard.sinarmasmining.com/" "Mozilla/5.0 (Windows NT 6.1; Win64; x64) AppleWebKit/537.36 (KHTML, like Gecko) Chrome/58.0.3029.110 Safari/537.36"
172.20.1.110 - - [09/Jun/2017:08:56:57 +0000] "GET /ListOnBoard HTTP/1.1" 200 8706 "http://onboard.sinarmasmining.com/" "Mozilla/5.0 (Windows NT 6.1; Win64; x64) AppleWebKit/537.36 (KHTML, like Gecko) Chrome/58.0.3029.110 Safari/537.36"
172.20.1.110 - - [09/Jun/2017:08:57:00 +0000] "GET /Onboard HTTP/1.1" 200 12969 "http://onboard.sinarmasmining.com/ListOnBoard" "Mozilla/5.0 (Windows NT 6.1; Win64; x64) AppleWebKit/537.36 (KHTML, like Gecko) Chrome/58.0.3029.110 Safari/537.36"
172.20.1.110 - - [09/Jun/2017:08:57:00 +0000] "GET /bootstrap/css/bootstrap-datepicker3.min.css HTTP/1.1" 200 20645 "http://onboard.sinarmasmining.com/Onboard" "Mozilla/5.0 (Windows NT 6.1; Win64; x64) AppleWebKit/537.36 (KHTML, like Gecko) Chrome/58.0.3029.110 Safari/537.36"
172.20.1.110 - - [09/Jun/2017:08:57:00 +0000] "GET /bootstrap/js/bootstrap-datepicker.min.js HTTP/1.1" 200 34389 "http://onboard.sinarmasmining.com/Onboard" "Mozilla/5.0 (Windows NT 6.1; Win64; x64) AppleWebKit/537.36 (KHTML, like Gecko) Chrome/58.0.3029.110 Safari/537.36"
172.20.1.110 - - [09/Jun/2017:08:57:10 +0000] "GET /ListOnBoard/divisions?option=1 HTTP/1.1" 200 62 "http://onboard.sinarmasmining.com/Onboard" "Mozilla/5.0 (Windows NT 6.1; Win64; x64) AppleWebKit/537.36 (KHTML, like Gecko) Chrome/58.0.3029.110 Safari/537.36"
172.20.1.110 - - [09/Jun/2017:08:57:20 +0000] "POST /Onboard HTTP/1.1" 302 424 "http://onboard.sinarmasmining.com/Onboard" "Mozilla/5.0 (Windows NT 6.1; Win64; x64) AppleWebKit/537.36 (KHTML, like Gecko) Chrome/58.0.3029.110 Safari/537.36"
172.20.1.110 - - [09/Jun/2017:08:57:40 +0000] "GET /ListOnBoard HTTP/1.1" 200 9523 "http://onboard.sinarmasmining.com/Onboard" "Mozilla/5.0 (Windows NT 6.1; Win64; x64) AppleWebKit/537.36 (KHTML, like Gecko) Chrome/58.0.3029.110 Safari/537.36"
172.20.6.40 - - [09/Jun/2017:08:57:41 +0000] "POST /login HTTP/1.1" 302 380 "http://onboard.sinarmasmining.com/" "Mozilla/5.0 (Windows NT 10.0; Win64; x64) AppleWebKit/537.36 (KHTML, like Gecko) Chrome/58.0.3029.110 Safari/537.36"
172.20.6.40 - - [09/Jun/2017:08:57:41 +0000] "GET / HTTP/1.1" 200 5965 "http://onboard.sinarmasmining.com/" "Mozilla/5.0 (Windows NT 10.0; Win64; x64) AppleWebKit/537.36 (KHTML, like Gecko) Chrome/58.0.3029.110 Safari/537.36"
172.20.1.110 - - [09/Jun/2017:08:58:12 +0000] "GET /logout HTTP/1.1" 302 376 "http://onboard.sinarmasmining.com/ListOnBoard" "Mozilla/5.0 (Windows NT 6.1; Win64; x64) AppleWebKit/537.36 (KHTML, like Gecko) Chrome/58.0.3029.110 Safari/537.36"
172.20.1.110 - - [09/Jun/2017:08:58:12 +0000] "GET / HTTP/1.1" 200 5686 "http://onboard.sinarmasmining.com/ListOnBoard" "Mozilla/5.0 (Windows NT 6.1; Win64; x64) AppleWebKit/537.36 (KHTML, like Gecko) Chrome/58.0.3029.110 Safari/537.36"
172.20.1.110 - - [09/Jun/2017:08:58:20 +0000] "POST /login HTTP/1.1" 302 424 "http://onboard.sinarmasmining.com/" "Mozilla/5.0 (Windows NT 6.1; Win64; x64) AppleWebKit/537.36 (KHTML, like Gecko) Chrome/58.0.3029.110 Safari/537.36"
172.20.1.110 - - [09/Jun/2017:08:58:20 +0000] "GET /ListOnBoard HTTP/1.1" 200 8571 "http://onboard.sinarmasmining.com/" "Mozilla/5.0 (Windows NT 6.1; Win64; x64) AppleWebKit/537.36 (KHTML, like Gecko) Chrome/58.0.3029.110 Safari/537.36"
172.20.6.30 - - [09/Jun/2017:08:58:22 +0000] "GET /ITAdm/1 HTTP/1.1" 302 376 "-" "Mozilla/5.0 (Windows NT 6.1; WOW64; Trident/7.0; rv:11.0) like Gecko"
172.20.6.30 - - [09/Jun/2017:08:58:23 +0000] "GET / HTTP/1.1" 200 5686 "-" "Mozilla/5.0 (Windows NT 6.1; WOW64; Trident/7.0; rv:11.0) like Gecko"
172.20.1.110 - - [09/Jun/2017:08:58:23 +0000] "GET /ITAdm/1 HTTP/1.1" 200 19633 "http://onboard.sinarmasmining.com/ListOnBoard" "Mozilla/5.0 (Windows NT 6.1; Win64; x64) AppleWebKit/537.36 (KHTML, like Gecko) Chrome/58.0.3029.110 Safari/537.36"
172.20.6.30 - - [09/Jun/2017:08:58:24 +0000] "GET /bootstrap/css/fonts.googleapis.com.css HTTP/1.1" 200 494 "http://onboard.sinarmasmining.com/" "Mozilla/5.0 (Windows NT 6.1; WOW64; Trident/7.0; rv:11.0) like Gecko"
172.20.6.30 - - [09/Jun/2017:08:58:24 +0000] "GET /bootstrap/font-awesome/4.5.0/css/font-awesome.min.css HTTP/1.1" 200 27466 "http://onboard.sinarmasmining.com/" "Mozilla/5.0 (Windows NT 6.1; WOW64; Trident/7.0; rv:11.0) like Gecko"
172.20.6.30 - - [09/Jun/2017:08:58:24 +0000] "GET /bootstrap/css/ace-skins.min.css HTTP/1.1" 200 77952 "http://onboard.sinarmasmining.com/" "Mozilla/5.0 (Windows NT 6.1; WOW64; Trident/7.0; rv:11.0) like Gecko"
172.20.6.30 - - [09/Jun/2017:08:58:24 +0000] "GET /bootstrap/css/bootstrap.min.css HTTP/1.1" 200 115813 "http://onboard.sinarmasmining.com/" "Mozilla/5.0 (Windows NT 6.1; WOW64; Trident/7.0; rv:11.0) like Gecko"
172.20.6.30 - - [09/Jun/2017:08:58:24 +0000] "GET /bootstrap/css/ace-rtl.min.css HTTP/1.1" 200 116806 "http://onboard.sinarmasmining.com/" "Mozilla/5.0 (Windows NT 6.1; WOW64; Trident/7.0; rv:11.0) like Gecko"
172.20.6.30 - - [09/Jun/2017:08:58:24 +0000] "GET /bootstrap/js/bootstrap.min.js HTTP/1.1" 200 36868 "http://onboard.sinarmasmining.com/" "Mozilla/5.0 (Windows NT 6.1; WOW64; Trident/7.0; rv:11.0) like Gecko"
172.20.6.30 - - [09/Jun/2017:08:58:24 +0000] "GET /bootstrap/js/ace-extra.min.js HTTP/1.1" 200 6241 "http://onboard.sinarmasmining.com/" "Mozilla/5.0 (Windows NT 6.1; WOW64; Trident/7.0; rv:11.0) like Gecko"
172.20.6.30 - - [09/Jun/2017:08:58:24 +0000] "GET /bootstrap/js/ace-elements.min.js HTTP/1.1" 200 41077 "http://onboard.sinarmasmining.com/" "Mozilla/5.0 (Windows NT 6.1; WOW64; Trident/7.0; rv:11.0) like Gecko"
172.20.6.30 - - [09/Jun/2017:08:58:24 +0000] "GET /bootstrap/js/jquery.min.js HTTP/1.1" 200 84380 "http://onboard.sinarmasmining.com/" "Mozilla/5.0 (Windows NT 6.1; WOW64; Trident/7.0; rv:11.0) like Gecko"
172.20.6.30 - - [09/Jun/2017:08:58:24 +0000] "GET /bootstrap/js/ace.min.js HTTP/1.1" 200 55785 "http://onboard.sinarmasmining.com/" "Mozilla/5.0 (Windows NT 6.1; WOW64; Trident/7.0; rv:11.0) like Gecko"
172.20.6.30 - - [09/Jun/2017:08:58:24 +0000] "GET /bootstrap/css/ace.min.css HTTP/1.1" 200 396938 "http://onboard.sinarmasmining.com/" "Mozilla/5.0 (Windows NT 6.1; WOW64; Trident/7.0; rv:11.0) like Gecko"
172.20.6.30 - - [09/Jun/2017:08:58:25 +0000] "GET /bootstrap/font-awesome/4.5.0/fonts/fontawesome-webfont.eot? HTTP/1.1" 200 70807 "http://onboard.sinarmasmining.com/" "Mozilla/5.0 (Windows NT 6.1; WOW64; Trident/7.0; rv:11.0) like Gecko"
172.20.6.30 - - [09/Jun/2017:08:58:25 +0000] "GET /favicon.ico HTTP/1.1" 200 - "-" "Mozilla/5.0 (Windows NT 6.1; Win64; x64; Trident/7.0; rv:11.0) like Gecko"
172.20.6.30 - - [09/Jun/2017:08:58:48 +0000] "POST /login HTTP/1.1" 302 424 "http://onboard.sinarmasmining.com/" "Mozilla/5.0 (Windows NT 6.1; WOW64; Trident/7.0; rv:11.0) like Gecko"
172.20.6.30 - - [09/Jun/2017:08:58:49 +0000] "GET /ListOnBoard HTTP/1.1" 200 8571 "http://onboard.sinarmasmining.com/" "Mozilla/5.0 (Windows NT 6.1; WOW64; Trident/7.0; rv:11.0) like Gecko"
172.20.6.30 - - [09/Jun/2017:08:58:49 +0000] "GET /bootstrap/images/avatar2.png HTTP/1.1" 200 752 "http://onboard.sinarmasmining.com/ListOnBoard" "Mozilla/5.0 (Windows NT 6.1; WOW64; Trident/7.0; rv:11.0) like Gecko"
172.20.6.30 - - [09/Jun/2017:08:58:49 +0000] "GET /bootstrap/js/jquery.dataTables.bootstrap.min.js HTTP/1.1" 200 3846 "http://onboard.sinarmasmining.com/ListOnBoard" "Mozilla/5.0 (Windows NT 6.1; WOW64; Trident/7.0; rv:11.0) like Gecko"
172.20.6.30 - - [09/Jun/2017:08:58:49 +0000] "GET /bootstrap/css/jquery-ui.min.css HTTP/1.1" 200 22384 "http://onboard.sinarmasmining.com/ListOnBoard" "Mozilla/5.0 (Windows NT 6.1; WOW64; Trident/7.0; rv:11.0) like Gecko"
172.20.6.30 - - [09/Jun/2017:08:58:49 +0000] "GET /bootstrap/js/jquery.dataTables.min.js HTTP/1.1" 200 83228 "http://onboard.sinarmasmining.com/ListOnBoard" "Mozilla/5.0 (Windows NT 6.1; WOW64; Trident/7.0; rv:11.0) like Gecko"
172.20.6.30 - - [09/Jun/2017:08:58:49 +0000] "GET /favicon.ico HTTP/1.1" 200 - "-" "Mozilla/5.0 (Windows NT 6.1; Win64; x64; Trident/7.0; rv:11.0) like Gecko"
172.20.6.30 - - [09/Jun/2017:08:59:18 +0000] "GET /ITAdm/1 HTTP/1.1" 200 19633 "http://onboard.sinarmasmining.com/ListOnBoard" "Mozilla/5.0 (Windows NT 6.1; WOW64; Trident/7.0; rv:11.0) like Gecko"
172.20.6.30 - - [09/Jun/2017:09:01:24 +0000] "POST /ITAdm HTTP/1.1" 302 424 "http://onboard.sinarmasmining.com/ITAdm/1" "Mozilla/5.0 (Windows NT 6.1; WOW64; Trident/7.0; rv:11.0) like Gecko"
172.20.6.30 - - [09/Jun/2017:09:01:34 +0000] "GET /ListOnBoard HTTP/1.1" 200 8775 "http://onboard.sinarmasmining.com/ITAdm/1" "Mozilla/5.0 (Windows NT 6.1; WOW64; Trident/7.0; rv:11.0) like Gecko"
172.20.1.110 - - [09/Jun/2017:09:02:06 +0000] "GET /Review/1 HTTP/1.1" 302 376 "-" "Mozilla/5.0 (Windows NT 6.1; Win64; x64) AppleWebKit/537.36 (KHTML, like Gecko) Chrome/58.0.3029.110 Safari/537.36"
172.20.1.110 - - [09/Jun/2017:09:02:06 +0000] "GET / HTTP/1.1" 200 9182 "-" "Mozilla/5.0 (Windows NT 6.1; Win64; x64) AppleWebKit/537.36 (KHTML, like Gecko) Chrome/58.0.3029.110 Safari/537.36"
172.20.1.110 - - [09/Jun/2017:09:02:13 +0000] "GET /logout HTTP/1.1" 302 376 "http://onboard.sinarmasmining.com/" "Mozilla/5.0 (Windows NT 6.1; Win64; x64) AppleWebKit/537.36 (KHTML, like Gecko) Chrome/58.0.3029.110 Safari/537.36"
172.20.1.110 - - [09/Jun/2017:09:02:13 +0000] "GET / HTTP/1.1" 200 5686 "http://onboard.sinarmasmining.com/" "Mozilla/5.0 (Windows NT 6.1; Win64; x64) AppleWebKit/537.36 (KHTML, like Gecko) Chrome/58.0.3029.110 Safari/537.36"
172.20.1.110 - - [09/Jun/2017:09:02:24 +0000] "POST /login HTTP/1.1" 302 424 "http://onboard.sinarmasmining.com/" "Mozilla/5.0 (Windows NT 6.1; Win64; x64) AppleWebKit/537.36 (KHTML, like Gecko) Chrome/58.0.3029.110 Safari/537.36"
172.20.1.110 - - [09/Jun/2017:09:02:24 +0000] "GET /ListOnBoard HTTP/1.1" 200 9331 "http://onboard.sinarmasmining.com/" "Mozilla/5.0 (Windows NT 6.1; Win64; x64) AppleWebKit/537.36 (KHTML, like Gecko) Chrome/58.0.3029.110 Safari/537.36"
172.20.1.110 - - [09/Jun/2017:09:02:33 +0000] "GET /Review/1 HTTP/1.1" 200 14877 "-" "Mozilla/5.0 (Windows NT 6.1; Win64; x64) AppleWebKit/537.36 (KHTML, like Gecko) Chrome/58.0.3029.110 Safari/537.36"
172.20.1.110 - - [09/Jun/2017:09:17:48 +0000] "GET /logout HTTP/1.1" 302 376 "http://onboard.sinarmasmining.com/ListOnBoard" "Mozilla/5.0 (Windows NT 6.1; Win64; x64) AppleWebKit/537.36 (KHTML, like Gecko) Chrome/58.0.3029.110 Safari/537.36"
172.20.1.110 - - [09/Jun/2017:09:17:48 +0000] "GET / HTTP/1.1" 200 5686 "http://onboard.sinarmasmining.com/ListOnBoard" "Mozilla/5.0 (Windows NT 6.1; Win64; x64) AppleWebKit/537.36 (KHTML, like Gecko) Chrome/58.0.3029.110 Safari/537.36"
172.20.1.110 - - [09/Jun/2017:09:17:53 +0000] "POST /login HTTP/1.1" 302 424 "http://onboard.sinarmasmining.com/" "Mozilla/5.0 (Windows NT 6.1; Win64; x64) AppleWebKit/537.36 (KHTML, like Gecko) Chrome/58.0.3029.110 Safari/537.36"
172.20.1.110 - - [09/Jun/2017:09:17:53 +0000] "GET /ListOnBoard HTTP/1.1" 200 9331 "http://onboard.sinarmasmining.com/" "Mozilla/5.0 (Windows NT 6.1; Win64; x64) AppleWebKit/537.36 (KHTML, like Gecko) Chrome/58.0.3029.110 Safari/537.36"
172.20.1.110 - - [09/Jun/2017:09:17:56 +0000] "GET /Division HTTP/1.1" 200 - "http://onboard.sinarmasmining.com/ListOnBoard" "Mozilla/5.0 (Windows NT 6.1; Win64; x64) AppleWebKit/537.36 (KHTML, like Gecko) Chrome/58.0.3029.110 Safari/537.36"
172.20.1.110 - - [09/Jun/2017:09:18:53 +0000] "GET /Division HTTP/1.1" 200 - "http://onboard.sinarmasmining.com/ListOnBoard" "Mozilla/5.0 (Windows NT 6.1; Win64; x64) AppleWebKit/537.36 (KHTML, like Gecko) Chrome/58.0.3029.110 Safari/537.36"
172.20.1.110 - - [09/Jun/2017:09:21:02 +0000] "GET /logout HTTP/1.1" 302 376 "http://onboard.sinarmasmining.com/ListOnBoard" "Mozilla/5.0 (Windows NT 6.1; Win64; x64) AppleWebKit/537.36 (KHTML, like Gecko) Chrome/58.0.3029.110 Safari/537.36"
172.20.1.110 - - [09/Jun/2017:09:21:02 +0000] "GET / HTTP/1.1" 200 5686 "http://onboard.sinarmasmining.com/ListOnBoard" "Mozilla/5.0 (Windows NT 6.1; Win64; x64) AppleWebKit/537.36 (KHTML, like Gecko) Chrome/58.0.3029.110 Safari/537.36"
172.20.1.110 - - [09/Jun/2017:09:21:09 +0000] "GET /register HTTP/1.1" 200 5881 "-" "Mozilla/5.0 (Windows NT 6.1; Win64; x64) AppleWebKit/537.36 (KHTML, like Gecko) Chrome/58.0.3029.110 Safari/537.36"
172.20.1.110 - - [09/Jun/2017:09:21:37 +0000] "POST /register HTTP/1.1" 302 424 "http://onboard.sinarmasmining.com/register" "Mozilla/5.0 (Windows NT 6.1; Win64; x64) AppleWebKit/537.36 (KHTML, like Gecko) Chrome/58.0.3029.110 Safari/537.36"
172.20.1.110 - - [09/Jun/2017:09:21:37 +0000] "GET /ListOnBoard HTTP/1.1" 200 8591 "http://onboard.sinarmasmining.com/register" "Mozilla/5.0 (Windows NT 6.1; Win64; x64) AppleWebKit/537.36 (KHTML, like Gecko) Chrome/58.0.3029.110 Safari/537.36"
172.20.1.110 - - [09/Jun/2017:09:21:41 +0000] "GET /logout HTTP/1.1" 302 376 "http://onboard.sinarmasmining.com/ListOnBoard" "Mozilla/5.0 (Windows NT 6.1; Win64; x64) AppleWebKit/537.36 (KHTML, like Gecko) Chrome/58.0.3029.110 Safari/537.36"
172.20.1.110 - - [09/Jun/2017:09:21:41 +0000] "GET / HTTP/1.1" 200 5686 "http://onboard.sinarmasmining.com/ListOnBoard" "Mozilla/5.0 (Windows NT 6.1; Win64; x64) AppleWebKit/537.36 (KHTML, like Gecko) Chrome/58.0.3029.110 Safari/537.36"
172.20.6.40 - - [09/Jun/2017:09:22:00 +0000] "POST /login HTTP/1.1" 302 424 "http://onboard.sinarmasmining.com/" "Mozilla/5.0 (Windows NT 10.0; Win64; x64) AppleWebKit/537.36 (KHTML, like Gecko) Chrome/58.0.3029.110 Safari/537.36"
172.20.6.40 - - [09/Jun/2017:09:22:00 +0000] "GET /ListOnBoard HTTP/1.1" 200 8706 "http://onboard.sinarmasmining.com/" "Mozilla/5.0 (Windows NT 10.0; Win64; x64) AppleWebKit/537.36 (KHTML, like Gecko) Chrome/58.0.3029.110 Safari/537.36"
172.20.6.40 - - [09/Jun/2017:09:22:49 +0000] "GET /logout HTTP/1.1" 302 376 "http://onboard.sinarmasmining.com/ListOnBoard" "Mozilla/5.0 (Windows NT 10.0; Win64; x64) AppleWebKit/537.36 (KHTML, like Gecko) Chrome/58.0.3029.110 Safari/537.36"
172.20.6.40 - - [09/Jun/2017:09:22:49 +0000] "GET / HTTP/1.1" 200 5686 "http://onboard.sinarmasmining.com/ListOnBoard" "Mozilla/5.0 (Windows NT 10.0; Win64; x64) AppleWebKit/537.36 (KHTML, like Gecko) Chrome/58.0.3029.110 Safari/537.36"
172.20.1.110 - - [09/Jun/2017:09:22:49 +0000] "POST /login HTTP/1.1" 302 424 "http://onboard.sinarmasmining.com/" "Mozilla/5.0 (Windows NT 6.1; Win64; x64) AppleWebKit/537.36 (KHTML, like Gecko) Chrome/58.0.3029.110 Safari/537.36"
172.20.1.110 - - [09/Jun/2017:09:22:49 +0000] "GET /ListOnBoard HTTP/1.1" 200 8706 "http://onboard.sinarmasmining.com/" "Mozilla/5.0 (Windows NT 6.1; Win64; x64) AppleWebKit/537.36 (KHTML, like Gecko) Chrome/58.0.3029.110 Safari/537.36"
172.20.1.110 - - [09/Jun/2017:09:22:51 +0000] "GET /Division HTTP/1.1" 200 - "http://onboard.sinarmasmining.com/ListOnBoard" "Mozilla/5.0 (Windows NT 6.1; Win64; x64) AppleWebKit/537.36 (KHTML, like Gecko) Chrome/58.0.3029.110 Safari/537.36"
172.20.1.110 - - [09/Jun/2017:09:22:57 +0000] "GET /logout HTTP/1.1" 302 376 "http://onboard.sinarmasmining.com/ListOnBoard" "Mozilla/5.0 (Windows NT 6.1; Win64; x64) AppleWebKit/537.36 (KHTML, like Gecko) Chrome/58.0.3029.110 Safari/537.36"
172.20.1.110 - - [09/Jun/2017:09:22:57 +0000] "GET / HTTP/1.1" 200 5686 "http://onboard.sinarmasmining.com/ListOnBoard" "Mozilla/5.0 (Windows NT 6.1; Win64; x64) AppleWebKit/537.36 (KHTML, like Gecko) Chrome/58.0.3029.110 Safari/537.36"
172.20.6.40 - - [09/Jun/2017:09:23:07 +0000] "POST /login HTTP/1.1" 302 424 "http://onboard.sinarmasmining.com/" "Mozilla/5.0 (Windows NT 10.0; Win64; x64) AppleWebKit/537.36 (KHTML, like Gecko) Chrome/58.0.3029.110 Safari/537.36"
172.20.6.40 - - [09/Jun/2017:09:23:07 +0000] "GET /ListOnBoard HTTP/1.1" 200 7961 "http://onboard.sinarmasmining.com/" "Mozilla/5.0 (Windows NT 10.0; Win64; x64) AppleWebKit/537.36 (KHTML, like Gecko) Chrome/58.0.3029.110 Safari/537.36"
172.20.6.40 - - [09/Jun/2017:09:23:14 +0000] "GET /Review/1 HTTP/1.1" 500 61849 "-" "Mozilla/5.0 (Windows NT 10.0; Win64; x64) AppleWebKit/537.36 (KHTML, like Gecko) Chrome/58.0.3029.110 Safari/537.36"
172.20.1.110 - - [09/Jun/2017:09:23:14 +0000] "POST /login HTTP/1.1" 302 424 "http://onboard.sinarmasmining.com/" "Mozilla/5.0 (Windows NT 6.1; Win64; x64) AppleWebKit/537.36 (KHTML, like Gecko) Chrome/58.0.3029.110 Safari/537.36"
172.20.1.110 - - [09/Jun/2017:09:23:15 +0000] "GET /ListOnBoard HTTP/1.1" 200 7961 "http://onboard.sinarmasmining.com/" "Mozilla/5.0 (Windows NT 6.1; Win64; x64) AppleWebKit/537.36 (KHTML, like Gecko) Chrome/58.0.3029.110 Safari/537.36"
172.20.6.40 - - [09/Jun/2017:09:23:21 +0000] "GET /logout HTTP/1.1" 302 376 "http://onboard.sinarmasmining.com/ListOnBoard" "Mozilla/5.0 (Windows NT 10.0; Win64; x64) AppleWebKit/537.36 (KHTML, like Gecko) Chrome/58.0.3029.110 Safari/537.36"
172.20.1.110 - - [09/Jun/2017:09:23:21 +0000] "GET /Review/1 HTTP/1.1" 500 61849 "-" "Mozilla/5.0 (Windows NT 6.1; Win64; x64) AppleWebKit/537.36 (KHTML, like Gecko) Chrome/58.0.3029.110 Safari/537.36"
172.20.6.40 - - [09/Jun/2017:09:23:21 +0000] "GET / HTTP/1.1" 200 5686 "http://onboard.sinarmasmining.com/ListOnBoard" "Mozilla/5.0 (Windows NT 10.0; Win64; x64) AppleWebKit/537.36 (KHTML, like Gecko) Chrome/58.0.3029.110 Safari/537.36"
172.20.1.110 - - [09/Jun/2017:09:23:29 +0000] "GET /logout HTTP/1.1" 302 376 "http://onboard.sinarmasmining.com/ListOnBoard" "Mozilla/5.0 (Windows NT 6.1; Win64; x64) AppleWebKit/537.36 (KHTML, like Gecko) Chrome/58.0.3029.110 Safari/537.36"
172.20.1.110 - - [09/Jun/2017:09:23:29 +0000] "GET / HTTP/1.1" 200 5686 "http://onboard.sinarmasmining.com/ListOnBoard" "Mozilla/5.0 (Windows NT 6.1; Win64; x64) AppleWebKit/537.36 (KHTML, like Gecko) Chrome/58.0.3029.110 Safari/537.36"
172.20.6.40 - - [09/Jun/2017:09:23:35 +0000] "GET / HTTP/1.1" 200 5686 "-" "Mozilla/5.0 (Windows NT 10.0; Win64; x64) AppleWebKit/537.36 (KHTML, like Gecko) Chrome/58.0.3029.110 Safari/537.36"
172.20.6.189 - - [09/Jun/2017:09:26:39 +0000] "GET / HTTP/1.1" 200 5686 "-" "Mozilla/5.0 (Windows NT 6.1; Win64; x64) AppleWebKit/537.36 (KHTML, like Gecko) Chrome/58.0.3029.110 Safari/537.36"
172.20.6.189 - - [09/Jun/2017:09:26:39 +0000] "GET /bootstrap/css/fonts.googleapis.com.css HTTP/1.1" 200 494 "http://onboard.sinarmasmining.com/" "Mozilla/5.0 (Windows NT 6.1; Win64; x64) AppleWebKit/537.36 (KHTML, like Gecko) Chrome/58.0.3029.110 Safari/537.36"
172.20.6.189 - - [09/Jun/2017:09:26:39 +0000] "GET /bootstrap/font-awesome/4.5.0/css/font-awesome.min.css HTTP/1.1" 200 27466 "http://onboard.sinarmasmining.com/" "Mozilla/5.0 (Windows NT 6.1; Win64; x64) AppleWebKit/537.36 (KHTML, like Gecko) Chrome/58.0.3029.110 Safari/537.36"
172.20.6.189 - - [09/Jun/2017:09:26:39 +0000] "GET /bootstrap/css/bootstrap.min.css HTTP/1.1" 200 115813 "http://onboard.sinarmasmining.com/" "Mozilla/5.0 (Windows NT 6.1; Win64; x64) AppleWebKit/537.36 (KHTML, like Gecko) Chrome/58.0.3029.110 Safari/537.36"
172.20.6.189 - - [09/Jun/2017:09:26:40 +0000] "GET /bootstrap/js/bootstrap.min.js HTTP/1.1" 200 36868 "http://onboard.sinarmasmining.com/" "Mozilla/5.0 (Windows NT 6.1; Win64; x64) AppleWebKit/537.36 (KHTML, like Gecko) Chrome/58.0.3029.110 Safari/537.36"
172.20.6.189 - - [09/Jun/2017:09:26:40 +0000] "GET /bootstrap/js/jquery.min.js HTTP/1.1" 200 84380 "http://onboard.sinarmasmining.com/" "Mozilla/5.0 (Windows NT 6.1; Win64; x64) AppleWebKit/537.36 (KHTML, like Gecko) Chrome/58.0.3029.110 Safari/537.36"
172.20.6.189 - - [09/Jun/2017:09:26:40 +0000] "GET /bootstrap/js/ace-elements.min.js HTTP/1.1" 200 41077 "http://onboard.sinarmasmining.com/" "Mozilla/5.0 (Windows NT 6.1; Win64; x64) AppleWebKit/537.36 (KHTML, like Gecko) Chrome/58.0.3029.110 Safari/537.36"
172.20.6.189 - - [09/Jun/2017:09:26:40 +0000] "GET /bootstrap/js/ace.min.js HTTP/1.1" 200 55785 "http://onboard.sinarmasmining.com/" "Mozilla/5.0 (Windows NT 6.1; Win64; x64) AppleWebKit/537.36 (KHTML, like Gecko) Chrome/58.0.3029.110 Safari/537.36"
172.20.6.189 - - [09/Jun/2017:09:26:39 +0000] "GET /bootstrap/css/ace-skins.min.css HTTP/1.1" 200 77952 "http://onboard.sinarmasmining.com/" "Mozilla/5.0 (Windows NT 6.1; Win64; x64) AppleWebKit/537.36 (KHTML, like Gecko) Chrome/58.0.3029.110 Safari/537.36"
172.20.6.189 - - [09/Jun/2017:09:26:40 +0000] "GET /bootstrap/js/ace-extra.min.js HTTP/1.1" 200 6241 "http://onboard.sinarmasmining.com/" "Mozilla/5.0 (Windows NT 6.1; Win64; x64) AppleWebKit/537.36 (KHTML, like Gecko) Chrome/58.0.3029.110 Safari/537.36"
172.20.6.189 - - [09/Jun/2017:09:26:40 +0000] "GET /bootstrap/css/ace-rtl.min.css HTTP/1.1" 200 116806 "http://onboard.sinarmasmining.com/" "Mozilla/5.0 (Windows NT 6.1; Win64; x64) AppleWebKit/537.36 (KHTML, like Gecko) Chrome/58.0.3029.110 Safari/537.36"
172.20.6.189 - - [09/Jun/2017:09:26:39 +0000] "GET /bootstrap/css/ace.min.css HTTP/1.1" 200 396938 "http://onboard.sinarmasmining.com/" "Mozilla/5.0 (Windows NT 6.1; Win64; x64) AppleWebKit/537.36 (KHTML, like Gecko) Chrome/58.0.3029.110 Safari/537.36"
172.20.6.189 - - [09/Jun/2017:09:26:40 +0000] "GET /bootstrap/font-awesome/4.5.0/fonts/fontawesome-webfont.woff2?v=4.5.0 HTTP/1.1" 200 66624 "http://onboard.sinarmasmining.com/bootstrap/font-awesome/4.5.0/css/font-awesome.min.css" "Mozilla/5.0 (Windows NT 6.1; Win64; x64) AppleWebKit/537.36 (KHTML, like Gecko) Chrome/58.0.3029.110 Safari/537.36"
172.20.6.189 - - [09/Jun/2017:09:26:41 +0000] "GET /favicon.ico HTTP/1.1" 200 - "http://onboard.sinarmasmining.com/" "Mozilla/5.0 (Windows NT 6.1; Win64; x64) AppleWebKit/537.36 (KHTML, like Gecko) Chrome/58.0.3029.110 Safari/537.36"
172.20.6.189 - - [09/Jun/2017:09:27:00 +0000] "POST /login HTTP/1.1" 302 424 "http://onboard.sinarmasmining.com/" "Mozilla/5.0 (Windows NT 6.1; Win64; x64) AppleWebKit/537.36 (KHTML, like Gecko) Chrome/58.0.3029.110 Safari/537.36"
172.20.6.189 - - [09/Jun/2017:09:27:00 +0000] "GET /ListOnBoard HTTP/1.1" 200 7966 "http://onboard.sinarmasmining.com/" "Mozilla/5.0 (Windows NT 6.1; Win64; x64) AppleWebKit/537.36 (KHTML, like Gecko) Chrome/58.0.3029.110 Safari/537.36"
172.20.6.189 - - [09/Jun/2017:09:27:00 +0000] "GET /bootstrap/css/jquery-ui.min.css HTTP/1.1" 200 22384 "http://onboard.sinarmasmining.com/ListOnBoard" "Mozilla/5.0 (Windows NT 6.1; Win64; x64) AppleWebKit/537.36 (KHTML, like Gecko) Chrome/58.0.3029.110 Safari/537.36"
172.20.6.189 - - [09/Jun/2017:09:27:00 +0000] "GET /bootstrap/js/jquery.dataTables.min.js HTTP/1.1" 200 83228 "http://onboard.sinarmasmining.com/ListOnBoard" "Mozilla/5.0 (Windows NT 6.1; Win64; x64) AppleWebKit/537.36 (KHTML, like Gecko) Chrome/58.0.3029.110 Safari/537.36"
172.20.6.189 - - [09/Jun/2017:09:27:00 +0000] "GET /bootstrap/js/jquery.dataTables.bootstrap.min.js HTTP/1.1" 200 3846 "http://onboard.sinarmasmining.com/ListOnBoard" "Mozilla/5.0 (Windows NT 6.1; Win64; x64) AppleWebKit/537.36 (KHTML, like Gecko) Chrome/58.0.3029.110 Safari/537.36"
172.20.6.189 - - [09/Jun/2017:09:27:00 +0000] "GET /bootstrap/images/avatar2.png HTTP/1.1" 200 752 "http://onboard.sinarmasmining.com/ListOnBoard" "Mozilla/5.0 (Windows NT 6.1; Win64; x64) AppleWebKit/537.36 (KHTML, like Gecko) Chrome/58.0.3029.110 Safari/537.36"
172.20.6.189 - - [09/Jun/2017:09:27:07 +0000] "GET /Onboard HTTP/1.1" 200 12229 "http://onboard.sinarmasmining.com/ListOnBoard" "Mozilla/5.0 (Windows NT 6.1; Win64; x64) AppleWebKit/537.36 (KHTML, like Gecko) Chrome/58.0.3029.110 Safari/537.36"
172.20.6.189 - - [09/Jun/2017:09:27:08 +0000] "GET /bootstrap/css/bootstrap-datepicker3.min.css HTTP/1.1" 200 20645 "http://onboard.sinarmasmining.com/Onboard" "Mozilla/5.0 (Windows NT 6.1; Win64; x64) AppleWebKit/537.36 (KHTML, like Gecko) Chrome/58.0.3029.110 Safari/537.36"
172.20.6.189 - - [09/Jun/2017:09:27:08 +0000] "GET /bootstrap/js/bootstrap-datepicker.min.js HTTP/1.1" 200 34389 "http://onboard.sinarmasmining.com/Onboard" "Mozilla/5.0 (Windows NT 6.1; Win64; x64) AppleWebKit/537.36 (KHTML, like Gecko) Chrome/58.0.3029.110 Safari/537.36"
172.20.6.189 - - [09/Jun/2017:09:27:27 +0000] "GET /ListOnBoard/divisions?option=2 HTTP/1.1" 200 16 "http://onboard.sinarmasmining.com/Onboard" "Mozilla/5.0 (Windows NT 6.1; Win64; x64) AppleWebKit/537.36 (KHTML, like Gecko) Chrome/58.0.3029.110 Safari/537.36"
172.20.6.189 - - [09/Jun/2017:09:29:37 +0000] "POST /Onboard HTTP/1.1" 302 424 "http://onboard.sinarmasmining.com/Onboard" "Mozilla/5.0 (Windows NT 6.1; Win64; x64) AppleWebKit/537.36 (KHTML, like Gecko) Chrome/58.0.3029.110 Safari/537.36"
172.20.6.189 - - [09/Jun/2017:09:29:48 +0000] "POST /Onboard HTTP/1.1" 302 424 "http://onboard.sinarmasmining.com/Onboard" "Mozilla/5.0 (Windows NT 6.1; Win64; x64) AppleWebKit/537.36 (KHTML, like Gecko) Chrome/58.0.3029.110 Safari/537.36"
172.20.6.189 - - [09/Jun/2017:09:30:10 +0000] "GET /ListOnBoard HTTP/1.1" 200 9405 "http://onboard.sinarmasmining.com/Onboard" "Mozilla/5.0 (Windows NT 6.1; Win64; x64) AppleWebKit/537.36 (KHTML, like Gecko) Chrome/58.0.3029.110 Safari/537.36"
172.20.6.40 - - [09/Jun/2017:09:31:32 +0000] "POST /login HTTP/1.1" 302 424 "http://onboard.sinarmasmining.com/" "Mozilla/5.0 (Windows NT 10.0; Win64; x64) AppleWebKit/537.36 (KHTML, like Gecko) Chrome/58.0.3029.110 Safari/537.36"
172.20.6.40 - - [09/Jun/2017:09:31:33 +0000] "GET /ListOnBoard HTTP/1.1" 200 9944 "http://onboard.sinarmasmining.com/" "Mozilla/5.0 (Windows NT 10.0; Win64; x64) AppleWebKit/537.36 (KHTML, like Gecko) Chrome/58.0.3029.110 Safari/537.36"
172.20.6.40 - - [09/Jun/2017:09:31:39 +0000] "GET /logout HTTP/1.1" 302 376 "http://onboard.sinarmasmining.com/ListOnBoard" "Mozilla/5.0 (Windows NT 10.0; Win64; x64) AppleWebKit/537.36 (KHTML, like Gecko) Chrome/58.0.3029.110 Safari/537.36"
172.20.6.40 - - [09/Jun/2017:09:31:39 +0000] "GET / HTTP/1.1" 200 5686 "http://onboard.sinarmasmining.com/ListOnBoard" "Mozilla/5.0 (Windows NT 10.0; Win64; x64) AppleWebKit/537.36 (KHTML, like Gecko) Chrome/58.0.3029.110 Safari/537.36"
172.20.6.40 - - [09/Jun/2017:09:31:45 +0000] "POST /login HTTP/1.1" 302 424 "http://onboard.sinarmasmining.com/" "Mozilla/5.0 (Windows NT 10.0; Win64; x64) AppleWebKit/537.36 (KHTML, like Gecko) Chrome/58.0.3029.110 Safari/537.36"
172.20.6.40 - - [09/Jun/2017:09:31:45 +0000] "GET /ListOnBoard HTTP/1.1" 200 9944 "http://onboard.sinarmasmining.com/" "Mozilla/5.0 (Windows NT 10.0; Win64; x64) AppleWebKit/537.36 (KHTML, like Gecko) Chrome/58.0.3029.110 Safari/537.36"
172.20.6.40 - - [09/Jun/2017:09:31:55 +0000] "GET /ITAdm/1 HTTP/1.1" 200 20792 "-" "Mozilla/5.0 (Windows NT 10.0; Win64; x64) AppleWebKit/537.36 (KHTML, like Gecko) Chrome/58.0.3029.110 Safari/537.36"
172.20.6.189 - - [09/Jun/2017:09:32:52 +0000] "GET /Review/1 HTTP/1.1" 200 12960 "http://onboard.sinarmasmining.com/ListOnBoard" "Mozilla/5.0 (Windows NT 6.1; Win64; x64) AppleWebKit/537.36 (KHTML, like Gecko) Chrome/58.0.3029.110 Safari/537.36"
172.20.6.40 - - [09/Jun/2017:09:33:05 +0000] "POST /ITAdm HTTP/1.1" 302 424 "http://onboard.sinarmasmining.com/ITAdm/1" "Mozilla/5.0 (Windows NT 10.0; Win64; x64) AppleWebKit/537.36 (KHTML, like Gecko) Chrome/58.0.3029.110 Safari/537.36"
172.20.6.40 - - [09/Jun/2017:09:33:14 +0000] "GET /ListOnBoard HTTP/1.1" 200 10141 "http://onboard.sinarmasmining.com/ITAdm/1" "Mozilla/5.0 (Windows NT 10.0; Win64; x64) AppleWebKit/537.36 (KHTML, like Gecko) Chrome/58.0.3029.110 Safari/537.36"
172.20.6.189 - - [09/Jun/2017:09:34:47 +0000] "GET /Review/1 HTTP/1.1" 200 13706 "-" "Mozilla/5.0 (Windows NT 6.1; Win64; x64) AppleWebKit/537.36 (KHTML, like Gecko) Chrome/58.0.3029.110 Safari/537.36"
172.20.6.40 - - [09/Jun/2017:09:34:50 +0000] "GET /ITInfra/1 HTTP/1.1" 200 22778 "-" "Mozilla/5.0 (Windows NT 10.0; Win64; x64) AppleWebKit/537.36 (KHTML, like Gecko) Chrome/58.0.3029.110 Safari/537.36"
172.20.6.40 - - [09/Jun/2017:09:34:50 +0000] "GET /bootstrap/js/jquery.validate.min.js HTTP/1.1" 200 22706 "http://onboard.sinarmasmining.com/ITInfra/1" "Mozilla/5.0 (Windows NT 10.0; Win64; x64) AppleWebKit/537.36 (KHTML, like Gecko) Chrome/58.0.3029.110 Safari/537.36"
172.20.6.40 - - [09/Jun/2017:09:35:05 +0000] "GET /ListOnBoard/usermail?email=heryanto%40sinarmasmining.com HTTP/1.1" 200 42 "http://onboard.sinarmasmining.com/ITInfra/1" "Mozilla/5.0 (Windows NT 10.0; Win64; x64) AppleWebKit/537.36 (KHTML, like Gecko) Chrome/58.0.3029.110 Safari/537.36"
172.20.6.40 - - [09/Jun/2017:09:35:25 +0000] "GET /ListOnBoard/usermail?email=muhammad.sandy%40sinarmasmining.com HTTP/1.1" 200 52 "http://onboard.sinarmasmining.com/ITInfra/1" "Mozilla/5.0 (Windows NT 10.0; Win64; x64) AppleWebKit/537.36 (KHTML, like Gecko) Chrome/58.0.3029.110 Safari/537.36"
172.20.6.40 - - [09/Jun/2017:09:36:21 +0000] "GET /ListOnBoard/usermail?email=heryanto%40sinarmasmining.com HTTP/1.1" 200 42 "http://onboard.sinarmasmining.com/ITInfra/1" "Mozilla/5.0 (Windows NT 10.0; Win64; x64) AppleWebKit/537.36 (KHTML, like Gecko) Chrome/58.0.3029.110 Safari/537.36"
172.20.6.40 - - [09/Jun/2017:09:36:58 +0000] "GET /ListOnBoard/usermail?email=heryanto.email%40sinarmasmining.com HTTP/1.1" 200 48 "http://onboard.sinarmasmining.com/ITInfra/1" "Mozilla/5.0 (Windows NT 10.0; Win64; x64) AppleWebKit/537.36 (KHTML, like Gecko) Chrome/58.0.3029.110 Safari/537.36"
172.20.6.40 - - [09/Jun/2017:09:37:43 +0000] "GET /ListOnBoard/usermail?email=her.yanto%40sinarmasmining.com HTTP/1.1" 200 43 "http://onboard.sinarmasmining.com/ITInfra/1" "Mozilla/5.0 (Windows NT 10.0; Win64; x64) AppleWebKit/537.36 (KHTML, like Gecko) Chrome/58.0.3029.110 Safari/537.36"
172.20.6.40 - - [09/Jun/2017:09:37:51 +0000] "GET /ListOnBoard/usermail?email=heranto%40sinarmasmining.com HTTP/1.1" 200 41 "http://onboard.sinarmasmining.com/ITInfra/1" "Mozilla/5.0 (Windows NT 10.0; Win64; x64) AppleWebKit/537.36 (KHTML, like Gecko) Chrome/58.0.3029.110 Safari/537.36"
172.20.6.40 - - [09/Jun/2017:09:37:55 +0000] "GET /ITInfra/1 HTTP/1.1" 200 22778 "-" "Mozilla/5.0 (Windows NT 10.0; Win64; x64) AppleWebKit/537.36 (KHTML, like Gecko) Chrome/58.0.3029.110 Safari/537.36"
172.20.6.40 - - [09/Jun/2017:09:37:56 +0000] "GET /favicon.ico HTTP/1.1" 200 - "http://onboard.sinarmasmining.com/ITInfra/1" "Mozilla/5.0 (Windows NT 10.0; Win64; x64) AppleWebKit/537.36 (KHTML, like Gecko) Chrome/58.0.3029.110 Safari/537.36"
172.20.6.40 - - [09/Jun/2017:09:38:16 +0000] "GET /ListOnBoard/usermail?email=mhmmdsandy%40gmail.com HTTP/1.1" 200 35 "http://onboard.sinarmasmining.com/ITInfra/1" "Mozilla/5.0 (Windows NT 10.0; Win64; x64) AppleWebKit/537.36 (KHTML, like Gecko) Chrome/58.0.3029.110 Safari/537.36"
172.20.6.40 - - [09/Jun/2017:09:38:21 +0000] "GET /ListOnBoard HTTP/1.1" 200 9944 "http://onboard.sinarmasmining.com/ITInfra/1" "Mozilla/5.0 (Windows NT 10.0; Win64; x64) AppleWebKit/537.36 (KHTML, like Gecko) Chrome/58.0.3029.110 Safari/537.36"
172.20.6.40 - - [09/Jun/2017:09:38:24 +0000] "GET /Users/1 HTTP/1.1" 200 13359 "http://onboard.sinarmasmining.com/ListOnBoard" "Mozilla/5.0 (Windows NT 10.0; Win64; x64) AppleWebKit/537.36 (KHTML, like Gecko) Chrome/58.0.3029.110 Safari/537.36"
172.20.6.40 - - [09/Jun/2017:09:38:34 +0000] "GET /ITInfra/1 HTTP/1.1" 200 22778 "-" "Mozilla/5.0 (Windows NT 10.0; Win64; x64) AppleWebKit/537.36 (KHTML, like Gecko) Chrome/58.0.3029.110 Safari/537.36"
172.20.6.189 - - [09/Jun/2017:09:38:35 +0000] "GET /ListOnBoard HTTP/1.1" 200 9206 "http://onboard.sinarmasmining.com/Review/1" "Mozilla/5.0 (Windows NT 6.1; Win64; x64) AppleWebKit/537.36 (KHTML, like Gecko) Chrome/58.0.3029.110 Safari/537.36"
172.20.6.40 - - [09/Jun/2017:09:38:51 +0000] "GET /ListOnBoard/usermail?email=mhmmdsandy%40gmail.com HTTP/1.1" 200 35 "http://onboard.sinarmasmining.com/ITInfra/1" "Mozilla/5.0 (Windows NT 10.0; Win64; x64) AppleWebKit/537.36 (KHTML, like Gecko) Chrome/58.0.3029.110 Safari/537.36"
172.20.6.40 - - [09/Jun/2017:09:39:08 +0000] "POST /ITInfra HTTP/1.1" 302 424 "http://onboard.sinarmasmining.com/ITInfra/1" "Mozilla/5.0 (Windows NT 10.0; Win64; x64) AppleWebKit/537.36 (KHTML, like Gecko) Chrome/58.0.3029.110 Safari/537.36"
172.20.6.40 - - [09/Jun/2017:09:39:18 +0000] "GET /ListOnBoard HTTP/1.1" 200 10148 "http://onboard.sinarmasmining.com/ITInfra/1" "Mozilla/5.0 (Windows NT 10.0; Win64; x64) AppleWebKit/537.36 (KHTML, like Gecko) Chrome/58.0.3029.110 Safari/537.36"
172.20.6.40 - - [09/Jun/2017:09:39:25 +0000] "GET /ITApps/1 HTTP/1.1" 200 20999 "-" "Mozilla/5.0 (Windows NT 10.0; Win64; x64) AppleWebKit/537.36 (KHTML, like Gecko) Chrome/58.0.3029.110 Safari/537.36"
172.20.6.40 - - [09/Jun/2017:09:39:37 +0000] "POST /ITApps HTTP/1.1" 500 29852 "http://onboard.sinarmasmining.com/ITApps/1" "Mozilla/5.0 (Windows NT 10.0; Win64; x64) AppleWebKit/537.36 (KHTML, like Gecko) Chrome/58.0.3029.110 Safari/537.36"
